// Jest Snapshot v1, https://goo.gl/fbAQLP

exports[`App renders correctly 1`] = `
<div>
  <header>
    <h1>
      Welcome to Main Navbar UI
    </h1>
  </header>
  <p>
    To get started, edit 
    <code>
      src/App.js
    </code>
     and save to reload.
  </p>
  <p>
    <button
      onClick={[Function]}
    >
      Click me!
    </button>
    Number: 
    10
  </p>
</div>
`;
